###############################################################################
#                                                                             #
# IAR ELF Linker V6.30.6.53336/W32 for ARM              28/Feb/2012  20:28:09 #
# Copyright 2007-2012 IAR Systems AB.                                         #
#                                                                             #
#    Output file  =  C:\Users\Martin\Documents\AtmelAdventures\IAR\arm\exampl #
#                    es\Atmel\at91sam3u-ek\basic-pwm2-project\ewp\at91sam3u4_ #
#                    flash\Exe\at91sam3u4_flash.out                           #
#    Map file     =  C:\Users\Martin\Documents\AtmelAdventures\IAR\arm\exampl #
#                    es\Atmel\at91sam3u-ek\basic-pwm2-project\ewp\at91sam3u4_ #
#                    flash\List\at91sam3u4_flash.map                          #
#    Command line =  C:\Users\Martin\Documents\AtmelAdventures\IAR\arm\exampl #
#                    es\Atmel\at91sam3u-ek\basic-pwm2-project\ewp\at91sam3u4_ #
#                    flash\Obj\board_cstartup_iar.o                           #
#                    C:\Users\Martin\Documents\AtmelAdventures\IAR\arm\exampl #
#                    es\Atmel\at91sam3u-ek\basic-pwm2-project\ewp\at91sam3u4_ #
#                    flash\Obj\board_lowlevel.o C:\Users\Martin\Documents\Atm #
#                    elAdventures\IAR\arm\examples\Atmel\at91sam3u-ek\basic-p #
#                    wm2-project\ewp\at91sam3u4_flash\Obj\board_memories.o    #
#                    C:\Users\Martin\Documents\AtmelAdventures\IAR\arm\exampl #
#                    es\Atmel\at91sam3u-ek\basic-pwm2-project\ewp\at91sam3u4_ #
#                    flash\Obj\core_cm3.o C:\Users\Martin\Documents\AtmelAdve #
#                    ntures\IAR\arm\examples\Atmel\at91sam3u-ek\basic-pwm2-pr #
#                    oject\ewp\at91sam3u4_flash\Obj\dbgu.o                    #
#                    C:\Users\Martin\Documents\AtmelAdventures\IAR\arm\exampl #
#                    es\Atmel\at91sam3u-ek\basic-pwm2-project\ewp\at91sam3u4_ #
#                    flash\Obj\exceptions.o C:\Users\Martin\Documents\AtmelAd #
#                    ventures\IAR\arm\examples\Atmel\at91sam3u-ek\basic-pwm2- #
#                    project\ewp\at91sam3u4_flash\Obj\main.o                  #
#                    C:\Users\Martin\Documents\AtmelAdventures\IAR\arm\exampl #
#                    es\Atmel\at91sam3u-ek\basic-pwm2-project\ewp\at91sam3u4_ #
#                    flash\Obj\nvic.o C:\Users\Martin\Documents\AtmelAdventur #
#                    es\IAR\arm\examples\Atmel\at91sam3u-ek\basic-pwm2-projec #
#                    t\ewp\at91sam3u4_flash\Obj\pio.o                         #
#                    C:\Users\Martin\Documents\AtmelAdventures\IAR\arm\exampl #
#                    es\Atmel\at91sam3u-ek\basic-pwm2-project\ewp\at91sam3u4_ #
#                    flash\Obj\pmc.o C:\Users\Martin\Documents\AtmelAdventure #
#                    s\IAR\arm\examples\Atmel\at91sam3u-ek\basic-pwm2-project #
#                    \ewp\at91sam3u4_flash\Obj\pwmc2.o                        #
#                    C:\Users\Martin\Documents\AtmelAdventures\IAR\arm\exampl #
#                    es\Atmel\at91sam3u-ek\basic-pwm2-project\ewp\at91sam3u4_ #
#                    flash\Obj\trace.o --redirect _Printf=_PrintfSmall        #
#                    --redirect _Scanf=_ScanfSmall -o                         #
#                    C:\Users\Martin\Documents\AtmelAdventures\IAR\arm\exampl #
#                    es\Atmel\at91sam3u-ek\basic-pwm2-project\ewp\at91sam3u4_ #
#                    flash\Exe\at91sam3u4_flash.out --map                     #
#                    C:\Users\Martin\Documents\AtmelAdventures\IAR\arm\exampl #
#                    es\Atmel\at91sam3u-ek\basic-pwm2-project\ewp\at91sam3u4_ #
#                    flash\List\at91sam3u4_flash.map --config                 #
#                    C:\Users\Martin\Documents\AtmelAdventures\IAR\arm\exampl #
#                    es\Atmel\at91sam3u-ek\basic-pwm2-project\ewp\..\..\..\at #
#                    91lib\boards\at91sam3u-ek\at91sam3u4\flash               #
#                    --diag_suppress Lp005,Lp006 --semihosting --entry        #
#                    __iar_program_start --vfe                                #
#                                                                             #
#                                                                             #
###############################################################################

*******************************************************************************
*** RUNTIME MODEL ATTRIBUTES
***

CppFlavor                     = *
__Heap_Handler                = Basic
__SystemLibrary               = DLib
__dlib_dynamic_initialization = normal


*******************************************************************************
*** PLACEMENT SUMMARY
***

"A1":  place at 0x00080000 { ro section .vectors };
"P1":  place in [from 0x00080000 to 0x0009ffff] { ro };
"P2":  place in [from 0x20000000 to 0x20007fff] { rw, block HEAP };
"P3":  place in [from 0x20080000 to 0x20083fff] { block CSTACK };

  Section            Kind        Address    Size  Object
  -------            ----        -------    ----  ------
"A1":                                       0xbc
  .vectors                    0x00080000    0xbc  <Block>
    .vectors         const    0x00080000    0xbc  board_cstartup_iar.o [1]
                            - 0x000800bc    0xbc

"P1":                                     0x1aa0
  .text              ro code  0x000800bc   0x73c  xprintfsmall.o [3]
  .text              ro code  0x000807f8    0x20  xmbtowc.o [3]
  .text              ro code  0x00080818    0x16  strchr.o [4]
  .text              ro code  0x0008082e    0x4e  exceptions.o [1]
  .text              ro code  0x0008087c    0x36  strlen.o [4]
  .text              ro code  0x000808b2    0x2e  copy_init3.o [4]
  .text              ro code  0x000808e0    0x58  memchr.o [4]
  .text              ro code  0x00080938     0xa  xmbcurmax.o [3]
  .text              ro code  0x00080942    0x22  zero_init3.o [4]
  .text              ro code  0x00080964    0xbc  xxmemxmalloc.o [3]
  .text              ro code  0x00080a20    0x1a  xwctomb.o [3]
  .text              ro code  0x00080a3c    0x76  ABImemcpy.o [4]
  .text              ro code  0x00080ab4    0x88  xxmemxfree.o [3]
  .text              ro code  0x00080b3c    0x14  setlocale.o [3]
  .text              ro code  0x00080b50    0x5c  xencoding_sb.o [3]
  .text              ro code  0x00080bac   0x114  xsyslock.o [3]
  .text              ro code  0x00080cc0    0x28  xgetmemchunk.o [3]
  .text              ro code  0x00080ce8     0x2  xtls.o [3]
  .text              ro code  0x00080cea     0x4  xmtx2.o [3]
  .text              ro code  0x00080cee     0x8  xmtx.o [3]
  .text              ro code  0x00080cf8   0x2ee  main.o [1]
  .text              ro code  0x00080fe8   0x2e8  pwmc2.o [1]
  .text              ro code  0x000812d0    0x24  printf.o [3]
  .text              ro code  0x000812f4    0x60  dbgu.o [1]
  .text              ro code  0x00081354    0xec  pio.o [1]
  .text              ro code  0x00081440    0x78  nvic.o [1]
  .rodata            const    0x000814b8   0x22c  main.o [1]
  .text              ro code  0x000816e4   0x110  board_lowlevel.o [1]
  .rodata            const    0x000817f4    0xfc  pwmc2.o [1]
  .rodata            const    0x000818f0    0xe0  main.o [1]
  .text              ro code  0x000819d0    0x2c  trace.o [1]
  .text              ro code  0x000819fc    0x2c  data_init3.o [4]
  .iar.init_table    const    0x00081a28    0x24  - Linker created -
  .text              ro code  0x00081a4c    0x18  board_cstartup_iar.o [1]
  .text              ro code  0x00081a64    0x16  cmain.o [4]
  .text              ro code  0x00081a7a     0x4  exit.o [3]
  .text              ro code  0x00081a80     0xe  cexit.o [4]
  .text              ro code  0x00081a90    0x14  exit.o [5]
  .text              ro code  0x00081aa4    0x16  xprout.o [3]
  .rodata            const    0x00081abc    0x14  main.o [1]
  .text              ro code  0x00081ad0     0xc  cstartup_M.o [4]
  .text              ro code  0x00081adc     0x0  cstart_clearlocks.o [4]
  .rodata            const    0x00081adc     0x0  bwt_init3c.o [4]
  Initializer bytes  ro data  0x00081adc    0x80  <for P2 s0>
                            - 0x00081b5c  0x1aa0

"P2", part 1 of 3:                          0x80
  P2 s0                       0x20000000    0x80  <Init block>
    .data            inited   0x20000000    0x40  xfiles.o [3]
    .data            inited   0x20000040    0x40  xfiles.o [3]
                            - 0x20000080    0x80

"P2", part 2 of 3:                         0x290
  .bss               zero     0x20000080   0x134  main.o [1]
  __DLIB_PERTHREAD   zero     0x200001b4    0x74  setlocale.o [3]
  .bss               zero     0x20000228    0x50  xfiles.o [3]
  .bss               zero     0x20000278    0x50  xfiles.o [3]
  .bss               zero     0x200002c8    0x38  xsyslock.o [3]
  .bss               zero     0x20000300     0x8  xxmemxmalloc.o [3]
  .bss               zero     0x20000308     0x4  xgetmemchunk.o [3]
                            - 0x2000030c   0x28c

"P2", part 3 of 3:                         0x200
  HEAP                        0x20000310   0x200  <Block>
    HEAP             uninit   0x20000310   0x200  <Block tail>
                            - 0x20000510   0x200

"P3":                                     0x2000
  CSTACK                      0x20080000  0x2000  <Block>
    CSTACK           uninit   0x20080000  0x2000  <Block tail>
                            - 0x20082000  0x2000


*******************************************************************************
*** INIT TABLE
***

          Address     Size
          -------     ----
Zero (__iar_zero_init3)
    1 destination range, total size 0x28c:
          0x20000080  0x28c

Copy (__iar_copy_init3)
    1 source range, total size 0x80:
          0x00081adc   0x80
    1 destination range, total size 0x80:
          0x20000000   0x80



*******************************************************************************
*** MODULE SUMMARY
***

    Module                ro code  ro data  rw data
    ------                -------  -------  -------
C:\Users\Martin\Documents\AtmelAdventures\IAR\arm\examples\Atmel\at91sam3u-ek\basic-pwm2-project\ewp\at91sam3u4_flash\Obj: [1]
    board_cstartup_iar.o       24      188
    board_lowlevel.o          272
    dbgu.o                     96
    exceptions.o               78
    main.o                    750      800      308
    nvic.o                    120
    pio.o                     236
    pwmc2.o                   744      252
    trace.o                    44
    -----------------------------------------------
    Total:                  2 364    1 240      308

command line: [2]
    -----------------------------------------------
    Total:

dl7M_tlf.a: [3]
    exit.o                      4
    printf.o                   36
    setlocale.o                20               116
    xencoding_sb.o             92
    xfiles.o                           128      288
    xgetmemchunk.o             40                 4
    xmbcurmax.o                10
    xmbtowc.o                  32
    xmtx.o                      8
    xmtx2.o                     4
    xprintfsmall.o          1 852
    xprout.o                   22
    xsyslock.o                276                56
    xtls.o                      2
    xwctomb.o                  26
    xxmemxfree.o              136
    xxmemxmalloc.o            188                 8
    -----------------------------------------------
    Total:                  2 748      128      472

rt7M_tl.a: [4]
    ABImemcpy.o               118
    bwt_init3c.o
    cexit.o                    14
    cmain.o                    22
    copy_init3.o               46
    cstart_clearlocks.o
    cstartup_M.o               12
    data_init3.o               44
    memchr.o                   88
    strchr.o                   22
    strlen.o                   54
    zero_init3.o               34
    -----------------------------------------------
    Total:                    454

shb_l.a: [5]
    exit.o                     20
    -----------------------------------------------
    Total:                     20

    Gaps                       12        2
    Linker created                      36    8 704
---------------------------------------------------
    Grand Total:            5 598    1 406    9 484


*******************************************************************************
*** ENTRY LIST
***

Entry                      Address   Size  Type      Object
-----                      -------   ----  ----      ------
.vectors$$Base          0x00080000          --   Gb  - Linker created -
.vectors$$Limit         0x000800bc          --   Gb  - Linker created -
?main                   0x00081a65         Code  Gb  cmain.o [4]
ADCC0_IrqHandler        0x00080875    0x2  Code  Wk  exceptions.o [1]
ADCC1_IrqHandler        0x00080877    0x2  Code  Wk  exceptions.o [1]
BusFault_Handler        0x00080837    0x2  Code  Wk  exceptions.o [1]
CSTACK$$Base            0x20080000          --   Gb  - Linker created -
CSTACK$$Limit           0x20082000          --   Gb  - Linker created -
DBGU_Configure          0x000812f5   0x2e  Code  Gb  dbgu.o [1]
DBGU_GetChar            0x00081335    0xe  Code  Gb  dbgu.o [1]
DBGU_IrqHandler         0x00080853    0x2  Code  Wk  exceptions.o [1]
DBGU_PutChar            0x00081323   0x12  Code  Gb  dbgu.o [1]
DebugMon_Handler        0x0008083d    0x2  Code  Wk  exceptions.o [1]
DisplayMenu             0x00080d47   0x42  Code  Gb  main.o [1]
EFC0_IrqHandler         0x0008084f    0x2  Code  Wk  exceptions.o [1]
EFC1_IrqHandler         0x00080851    0x2  Code  Wk  exceptions.o [1]
FindClockConfiguration  0x00080fe9   0x62  Code  Lc  pwmc2.o [1]
GetNumkey2Digit         0x00080d89   0x38  Code  Gb  main.o [1]
HDMA_IrqHandler         0x00080879    0x2  Code  Wk  exceptions.o [1]
HEAP$$Base              0x20000310          --   Gb  - Linker created -
HEAP$$Limit             0x20000510          --   Gb  - Linker created -
HSMC4_IrqHandler        0x00080855    0x2  Code  Wk  exceptions.o [1]
HardFault_Handler       0x00080833    0x2  Code  Wk  exceptions.o [1]
IRQ_ConfigureIT         0x00081441   0x4c  Code  Gb  nvic.o [1]
IRQ_EnableIT            0x0008148d    0x8  Code  Gb  nvic.o [1]
IrqHandlerNotUsed       0x0008082f    0x2  Code  Gb  exceptions.o [1]
LowLevelInit            0x000816e5   0xb6  Code  Gb  board_lowlevel.o [1]
MCI0_IrqHandler         0x00080865    0x2  Code  Wk  exceptions.o [1]
MemManage_Handler       0x00080835    0x2  Code  Wk  exceptions.o [1]
NMI_Handler             0x00080831    0x2  Code  Wk  exceptions.o [1]
PIOA_IrqHandler         0x00080857    0x2  Code  Wk  exceptions.o [1]
PIOB_IrqHandler         0x00080859    0x2  Code  Wk  exceptions.o [1]
PIOC_IrqHandler         0x0008085b    0x2  Code  Wk  exceptions.o [1]
PIO_Configure           0x00081355   0xe6  Code  Gb  pio.o [1]
PMC_IrqHandler          0x0008084d    0x2  Code  Wk  exceptions.o [1]
PWMC_ConfigureChannelExt
                        0x0008104b   0xc6  Code  Gb  pwmc2.o [1]
PWMC_ConfigureClocks    0x00081111   0x60  Code  Gb  pwmc2.o [1]
PWMC_ConfigureSyncChannel
                        0x00081221    0xc  Code  Gb  pwmc2.o [1]
PWMC_DisableOverrideOutput
                        0x00081295    0xc  Code  Gb  pwmc2.o [1]
PWMC_EnableChannel      0x00081245    0xc  Code  Gb  pwmc2.o [1]
PWMC_EnableIt           0x00081251    0x4  Code  Gb  pwmc2.o [1]
PWMC_EnableOverrideOutput
                        0x00081289    0xc  Code  Gb  pwmc2.o [1]
PWMC_SetDeadTime        0x000811d5   0x4c  Code  Gb  pwmc2.o [1]
PWMC_SetDutyCycle       0x0008118f   0x32  Code  Gb  pwmc2.o [1]
PWMC_SetOverrideValue   0x00081283    0x6  Code  Gb  pwmc2.o [1]
PWMC_SetPeriod          0x00081171   0x1e  Code  Gb  pwmc2.o [1]
PWMC_SetSyncChannelUpdatePeriod
                        0x0008122d   0x10  Code  Gb  pwmc2.o [1]
PWMC_SetSyncChannelUpdateUnlock
                        0x0008123d    0x8  Code  Gb  pwmc2.o [1]
PWMC_WriteBuffer        0x0008125b   0x28  Code  Gb  pwmc2.o [1]
PWM_IrqHandler          0x00080d35   0x12  Code  Gb  main.o [1]
PendSV_Handler          0x0008083f    0x2  Code  Wk  exceptions.o [1]
RSTC_IrqHandler         0x00080845    0x2  Code  Wk  exceptions.o [1]
RTC_IrqHandler          0x00080847    0x2  Code  Wk  exceptions.o [1]
RTT_IrqHandler          0x00080849    0x2  Code  Wk  exceptions.o [1]
Region$$Table$$Base     0x00081a28          --   Gb  - Linker created -
Region$$Table$$Limit    0x00081a4c          --   Gb  - Linker created -
SPI0_IrqHandler         0x0008086b    0x2  Code  Wk  exceptions.o [1]
SSC0_IrqHandler         0x0008086d    0x2  Code  Wk  exceptions.o [1]
SUPC_IrqHandler         0x00080843    0x2  Code  Wk  exceptions.o [1]
SVC_Handler             0x0008083b    0x2  Code  Wk  exceptions.o [1]
SetDefaultMaster        0x0008179b   0x36  Code  Gb  board_lowlevel.o [1]
SysTick_Handler         0x00080841    0x2  Code  Wk  exceptions.o [1]
TC0_IrqHandler          0x0008086f    0x2  Code  Wk  exceptions.o [1]
TC1_IrqHandler          0x00080871    0x2  Code  Wk  exceptions.o [1]
TC2_IrqHandler          0x00080873    0x2  Code  Wk  exceptions.o [1]
TWI0_IrqHandler         0x00080867    0x2  Code  Wk  exceptions.o [1]
TWI1_IrqHandler         0x00080869    0x2  Code  Wk  exceptions.o [1]
UDPD_IrqHandler         0x0008087b    0x2  Code  Wk  exceptions.o [1]
USART0_IrqHandler       0x0008085d    0x2  Code  Wk  exceptions.o [1]
USART1_IrqHandler       0x0008085f    0x2  Code  Wk  exceptions.o [1]
USART2_IrqHandler       0x00080861    0x2  Code  Wk  exceptions.o [1]
USART3_IrqHandler       0x00080863    0x2  Code  Wk  exceptions.o [1]
UTIL_Loop               0x00080cf9    0xa  Code  Gb  main.o [1]
UTIL_WaitTimeInMs       0x00080d03   0x12  Code  Gb  main.o [1]
UTIL_WaitTimeInUs       0x00080d15   0x20  Code  Gb  main.o [1]
UsageFault_Handler      0x00080839    0x2  Code  Wk  exceptions.o [1]
WDT_IrqHandler          0x0008084b    0x2  Code  Wk  exceptions.o [1]
_EncodingSb_Mbtowc      0x00080b6d   0x30  Code  Gb  xencoding_sb.o [3]
_EncodingSb_Wctomb      0x00080b51   0x1c  Code  Gb  xencoding_sb.o [3]
_IsdstStr               0x200001b8    0x4  Data  Gb  setlocale.o [3]
_LitobSmall             0x000806e3   0xd0  Code  Lc  xprintfsmall.o [3]
_LocaleEncoding         0x00080b3d    0xe  Code  Gb  setlocale.o [3]
_LocaleReturnString     0x200001d8   0x50  Data  Lc  setlocale.o [3]
_Locale_Profile         0x200001bc   0x1c  Data  Gb  setlocale.o [3]
_Mbtowc                 0x000807f9   0x20  Code  Gb  xmbtowc.o [3]
_PrintfSmall            0x000800bd  0x41e  Code  Gb  xprintfsmall.o [3]
_Prout                  0x00081aa5   0x16  Code  Gb  xprout.o [3]
_PutcharsSmall          0x000807b3   0x2e  Code  Lc  xprintfsmall.o [3]
_PutstrSmall            0x000804db  0x202  Code  Lc  xprintfsmall.o [3]
_TzoneStr               0x200001b4    0x4  Data  Gb  setlocale.o [3]
_Wctomb                 0x00080a21   0x1a  Code  Gb  xwctomb.o [3]
__ICFEDIT_vector_start__ {Abs}
                        0x00080000          --   Gb  command line/config [2]
__aeabi_memcpy          0x00080a3d         Code  Gb  ABImemcpy.o [4]
__aeabi_memcpy4         0x00080a5d         Code  Gb  ABImemcpy.o [4]
__aeabi_memcpy8         0x00080a5d         Code  Gb  ABImemcpy.o [4]
__cexit_clearlocks      0x00081a83         Code  Gb  cexit.o [4]
__cmain                 0x00081a65         Code  Gb  cmain.o [4]
__cstart_clearlocks     0x00081adc         Data  Gb  cstart_clearlocks.o [4]
__data_Aldata           0x20000300    0x8  Data  Gb  xxmemxmalloc.o [3]
__data_GetMemChunk      0x00080cc1   0x28  Code  Gb  xgetmemchunk.o [3]
__exit                  0x00081a91   0x14  Code  Gb  exit.o [5]
__iar_Locksyslock       0x00080c21   0x88  Code  Gb  xsyslock.o [3]
__iar_Mbcurmax          0x00080939    0xa  Code  Gb  xmbcurmax.o [3]
__iar_Memchr            0x000808e1         Code  Gb  memchr.o [4]
__iar_SB                0x00081adc         Data  Gb  bwt_init3c.o [4]
__iar_Stderr            0x20000040   0x40  Data  Gb  xfiles.o [3]
__iar_Stdout            0x20000000   0x40  Data  Gb  xfiles.o [3]
__iar_Strchr            0x00080819         Code  Gb  strchr.o [4]
__iar_Unlocksyslock     0x00080ca9   0x12  Code  Gb  xsyslock.o [3]
__iar_clearlocks        0x00080bad   0x74  Code  Gb  xsyslock.o [3]
__iar_copy_init3        0x000808b3   0x2e  Code  Gb  copy_init3.o [4]
__iar_data_init3        0x000819fd   0x2c  Code  Gb  data_init3.o [4]
__iar_dlib_perthread_access
                        0x00080ce9    0x2  Code  Gb  xtls.o [3]
__iar_file_Mtxdst       0x00080ced    0x2  Code  Gb  xmtx2.o [3]
__iar_file_Mtxinit      0x00080ceb    0x2  Code  Gb  xmtx2.o [3]
__iar_program_start     0x00081ad1         Code  Gb  cstartup_M.o [4]
__iar_system_Mtxdst     0x00080cf1    0x2  Code  Gb  xmtx.o [3]
__iar_system_Mtxinit    0x00080cef    0x2  Code  Gb  xmtx.o [3]
__iar_system_Mtxlock    0x00080cf3    0x2  Code  Gb  xmtx.o [3]
__iar_system_Mtxunlock  0x00080cf5    0x2  Code  Gb  xmtx.o [3]
__iar_zero_init3        0x00080943   0x22  Code  Gb  zero_init3.o [4]
__low_level_init        0x00081a4d   0x18  Code  Gb  board_cstartup_iar.o [1]
__vector_table          0x00080000   0xbc  Data  Gb  board_cstartup_iar.o [1]
_call_main              0x00081a71         Code  Gb  cmain.o [4]
_exit                   0x00081a81         Code  Gb  cexit.o [4]
_main                   0x00081a77         Code  Gb  cmain.o [4]
dutyBuffer              0x20000080  0x134  Data  Gb  main.o [1]
ebuf                    0x20000228   0x50  Data  Lc  xfiles.o [3]
exit                    0x00081a7b    0x4  Code  Gb  exit.o [3]
file_mtx                0x200002cc   0x20  Data  Lc  xsyslock.o [3]
fputc                   0x000819d1   0x20  Code  Gb  trace.o [1]
free                    0x00080ab5   0x82  Code  Gb  xxmemxfree.o [3]
main                    0x00080dc1  0x1e6  Code  Gb  main.o [1]
malloc                  0x00080965   0xb6  Code  Gb  xxmemxmalloc.o [3]
memchr                  0x000808e1         Code  Gb  memchr.o [4]
mtx                     0x200002ec   0x14  Data  Lc  xsyslock.o [3]
obuf                    0x20000278   0x50  Data  Lc  xfiles.o [3]
pins                    0x00081604   0xe0  Data  Lc  main.o [1]
printf                  0x000812d1   0x24  Code  Gb  printf.o [3]
putchar                 0x000819f1    0x4  Code  Gb  trace.o [1]
strchr                  0x00080819         Code  Gb  strchr.o [4]
strlen                  0x0008087d         Code  Gb  strlen.o [4]
syslock_o               0x200002c8    0x4  Data  Lc  xsyslock.o [3]


[1] = C:\Users\Martin\Documents\AtmelAdventures\IAR\arm\examples\Atmel\at91sam3u-ek\basic-pwm2-project\ewp\at91sam3u4_flash\Obj
[2] = command line
[3] = dl7M_tlf.a
[4] = rt7M_tl.a
[5] = shb_l.a

  5 598 bytes of readonly  code memory
  1 406 bytes of readonly  data memory
  9 484 bytes of readwrite data memory

Errors: none
Warnings: none
